
Allocating common symbols
Common symbol       size              file

netbufpool          0x4               binaries/net.o
readylist           0x2               binaries/ready.o
rfltab              0x5a0             binaries/rflinit.o
netportseed         0x8               binaries/net.o
sleepq              0x2               binaries/clkinit.o
nnames              0x4               binaries/naminit.o
udptab              0x168             binaries/udp.o
minheap             0x4               binaries/meminit.o
marks               0x50              binaries/mark.o
currpid             0x4               binaries/initialize.o
Lf_data             0x20c             binaries/lfsinit.o
porttab             0x2d0             binaries/ptinit.o
girmask             0x2               binaries/evec.o
ttytab              0x110             binaries/ttyinit.o
proctab             0x15e0            binaries/initialize.o
prcount             0x4               binaries/initialize.o
int_actions         0x140             binaries/evec.o
lfltab              0xf00             binaries/lflinit.o
rdstab              0x8c              binaries/rdsinit.o
ethertab            0x138             binaries/ethinit.o
NetData             0xb0              binaries/net.o
nmarks              0x4               binaries/mark.o
Defer               0x8               binaries/resched.o
semtab              0x4b0             binaries/initialize.o
maxheap             0x4               binaries/meminit.o
preempt             0x4               binaries/clkinit.o
buftab              0xf0              binaries/bufinit.o
Rf_data             0x18              binaries/rfsinit.o
mkmutex             0x4               binaries/mark.o
count1000           0x4               binaries/clkinit.o
clktime             0x4               binaries/clkinit.o
arpcache            0x140             binaries/arp.o
icmptab             0x230             binaries/icmp.o
nbpools             0x4               binaries/bufinit.o
queuetab            0x980             binaries/queue.o
ptnextid            0x4               binaries/ptinit.o
Ram                 0x19000           binaries/raminit.o
ipoqueue            0x2c              binaries/ip.o
memlist             0x8               binaries/initialize.o
nametab             0x19a0            binaries/naminit.o
ptfree              0x4               binaries/ptinit.o

Discarded input sections

 .group         0x0000000000000000        0x8 binaries/ascdate.o
 .group         0x0000000000000000        0x8 binaries/bufinit.o
 .group         0x0000000000000000        0x8 binaries/chprio.o
 .group         0x0000000000000000        0x8 binaries/clkhandler.o
 .text.__x86.get_pc_thunk.bx
                0x0000000000000000        0x4 binaries/clkhandler.o
 .group         0x0000000000000000        0x8 binaries/clkinit.o
 .text.__x86.get_pc_thunk.bx
                0x0000000000000000        0x4 binaries/clkinit.o
 .group         0x0000000000000000        0x8 binaries/close.o
 .text.__x86.get_pc_thunk.bx
                0x0000000000000000        0x4 binaries/close.o
 .group         0x0000000000000000        0x8 binaries/control.o
 .text.__x86.get_pc_thunk.bx
                0x0000000000000000        0x4 binaries/control.o
 .group         0x0000000000000000        0x8 binaries/create.o
 .group         0x0000000000000000        0x8 binaries/create.o
 .text.__x86.get_pc_thunk.cx
                0x0000000000000000        0x4 binaries/create.o
 .text.__x86.get_pc_thunk.bx
                0x0000000000000000        0x4 binaries/create.o
 .group         0x0000000000000000        0x8 binaries/early_imr.o
 .group         0x0000000000000000        0x8 binaries/early_imr.o
 .text.__x86.get_pc_thunk.ax
                0x0000000000000000        0x4 binaries/early_imr.o
 .text.__x86.get_pc_thunk.bx
                0x0000000000000000        0x4 binaries/early_imr.o
 .group         0x0000000000000000        0x8 binaries/evec.o
 .group         0x0000000000000000        0x8 binaries/evec.o
 .group         0x0000000000000000        0x8 binaries/evec.o
 .text.__x86.get_pc_thunk.ax
                0x0000000000000000        0x4 binaries/evec.o
 .text.__x86.get_pc_thunk.bx
                0x0000000000000000        0x4 binaries/evec.o
 .group         0x0000000000000000        0x8 binaries/exit.o
 .text.__x86.get_pc_thunk.bx
                0x0000000000000000        0x4 binaries/exit.o
 .group         0x0000000000000000        0x8 binaries/freebuf.o
 .text.__x86.get_pc_thunk.bx
                0x0000000000000000        0x4 binaries/freebuf.o
 .group         0x0000000000000000        0x8 binaries/freemem.o
 .text.__x86.get_pc_thunk.bx
                0x0000000000000000        0x4 binaries/freemem.o
 .group         0x0000000000000000        0x8 binaries/getbuf.o
 .text.__x86.get_pc_thunk.bx
                0x0000000000000000        0x4 binaries/getbuf.o
 .group         0x0000000000000000        0x8 binaries/getc.o
 .text.__x86.get_pc_thunk.bx
[...]
Memory Configuration

Name             Origin             Length             Attributes
*default*        0x0000000000000000 0xffffffffffffffff

Linker script and memory map

                0x0000000000100000                physbase = 0x100000
                0x0000000000100000                . = physbase
                0x0000000000100000                . = ALIGN (0x1000)

.text           0x0000000000100000    0x1c000
                0x0000000000100000                text = ABSOLUTE (.)
 *(.text .text.*)
 .text          0x0000000000100000      0x1b4 binaries/start.o
                0x0000000000100024                start
                0x00000000001000f6                inb
                0x00000000001000fe                inw
                0x0000000000100107                inl
                0x000000000010010f                outb
                0x0000000000100119                outw
                0x0000000000100124                outl
                0x000000000010012e                _rtcin
                0x0000000000100139                ___udivsi3
                0x0000000000100144                ___divsi3
                0x0000000000100150                sbzero
                0x0000000000100160                insw
                0x0000000000100176                outsw
                0x000000000010018c                bcopy
                0x00000000001001a0                lidt
                0x00000000001001a8                cpuid
 .text          0x00000000001001b4      0x404 binaries/ascdate.o
                0x00000000001001b4                ascdate
 .text.__x86.get_pc_thunk.cx
                0x00000000001005b8        0x4 binaries/ascdate.o
                0x00000000001005b8                __x86.get_pc_thunk.cx
 .text          0x00000000001005bc       0x20 binaries/bufinit.o
                0x00000000001005bc                bufinit
 .text.__x86.get_pc_thunk.ax
                0x00000000001005dc        0x4 binaries/bufinit.o
                0x00000000001005dc                __x86.get_pc_thunk.ax
 .text          0x00000000001005e0       0xa2 binaries/chprio.o
                0x00000000001005e0                chprio
 .text.__x86.get_pc_thunk.bx
                0x0000000000100682        0x4 binaries/chprio.o
                0x0000000000100682                __x86.get_pc_thunk.bx
 .text          0x0000000000100686      0x115 binaries/clkhandler.o
                0x0000000000100686                clkhandler
 .text          0x000000000010079b      0x10f binaries/clkinit.o
                0x000000000010079b                clkinit
 .text          0x00000000001008aa       0x86 binaries/close.o
                0x00000000001008aa                close
 .text          0x0000000000100930        0x0 binaries/conf.o
 .text          0x0000000000100930       0x8c binaries/control.o
                0x0000000000100930                control
 .text          0x00000000001009bc      0x2ef binaries/create.o
                0x00000000001009bc                create
 .text          0x0000000000100cab      0x30e binaries/early_imr.o
                0x0000000000100cab                intel_cln_early_sb_read_reg
                0x0000000000100d3c                intel_cln_early_sb_write_reg
                0x0000000000100f1b                remove_irm_protections
 .text          0x0000000000100fb9      0x683 binaries/evec.o
                0x0000000000100fb9                initevec
                0x0000000000101125                set_evec
                0x000000000010119f                set_ivec
                0x0000000000101250                ioapic_irq2vec
                0x00000000001012a0                int_dispatch
                0x0000000000101345                _8259_setirmask
                0x00000000001013b7                trap
 .text.__x86.get_pc_thunk.dx
                0x000000000010163c        0x4 binaries/evec.o
                0x000000000010163c                __x86.get_pc_thunk.dx
 .text          0x0000000000101640       0x29 binaries/exit.o
                0x0000000000101640                exit
 .text          0x0000000000101669       0xa1 binaries/freebuf.o
                0x0000000000101669                freebuf
 .text          0x000000000010170a      0x195 binaries/freemem.o
                0x000000000010170a                freemem
 .text          0x000000000010189f       0x9f binaries/getbuf.o
                0x000000000010189f                getbuf
 .text          0x000000000010193e       0x86 binaries/getc.o
                0x000000000010193e                getc
 .text          0x00000000001019c4       0x86 binaries/getdev.o
                0x00000000001019c4                getdev
 .text          0x0000000000101a4a      0x111 binaries/getitem.o
                0x0000000000101a4a                getfirst
                0x0000000000101aa0                getlast
                0x0000000000101af8                getitem
 .text          0x0000000000101b5b      0x132 binaries/getmem.o
                0x0000000000101b5b                getmem
 .text          0x0000000000101c8d       0x17 binaries/getpid.o
                0x0000000000101c8d                getpid
 .text          0x0000000000101ca4       0x8c binaries/getprio.o
                0x0000000000101ca4                getprio
 .text          0x0000000000101d30      0x119 binaries/getstk.o
                0x0000000000101d30                getstk
 .text          0x0000000000101e49       0x20 binaries/getticks.o
                0x0000000000101e49                getticks
 .text          0x0000000000101e69       0x4a binaries/gettime.o
                0x0000000000101e69                gettime
 .text          0x0000000000101eb3      0x21c binaries/getutime.o
                0x0000000000101eb3                getutime
 .text          0x00000000001020cf       0x86 binaries/init.o
                0x00000000001020cf                init
 .text          0x0000000000102155      0x451 binaries/initialize.o
                0x0000000000102155                nulluser
                0x0000000000102533                stop
                0x000000000010256e                delay
 .text          0x00000000001025a6      0x105 binaries/insert.o
                0x00000000001025a6                insert
 .text          0x00000000001026ab      0x13e binaries/insertd.o
                0x00000000001026ab                insertd
 .text          0x00000000001027e9       0x14 binaries/ioerr.o
                0x00000000001027e9                ioerr
 .text          0x00000000001027fd       0x14 binaries/ionull.o
                0x00000000001027fd                ionull
 .text          0x0000000000102811      0x1c8 binaries/kill.o
                0x0000000000102811                kill
 .text          0x00000000001029d9      0x16c binaries/kprintf.o
                0x00000000001029d9                kputc
                0x0000000000102a75                kgetc
                0x0000000000102b09                kprintf
 .text          0x0000000000102b45       0xa8 binaries/main.o
                0x0000000000102b45                main
 .text          0x0000000000102bed       0xf0 binaries/mark.o
                0x0000000000102bed                markinit
                0x0000000000102c28                mark
 .text          0x0000000000102cdd      0x32d binaries/meminit.o
                0x0000000000102cdd                meminit
                0x0000000000102f47                setsegs
 .text          0x000000000010300a      0x194 binaries/mkbufpool.o
                0x000000000010300a                mkbufpool
 .text          0x000000000010319e       0xbb binaries/newqueue.o
                0x000000000010319e                newqueue
 .text          0x0000000000103259       0x8c binaries/open.o
                0x0000000000103259                open
 .text          0x00000000001032e5       0x2e binaries/panic.o
                0x00000000001032e5                panic
 .text          0x0000000000103313      0x609 binaries/pci.o
                0x0000000000103313                pci_init
                0x00000000001033d9                find_pci_device
                0x00000000001034ca                pci_read_config_byte
                0x0000000000103532                pci_read_config_word
                0x000000000010359c                pci_read_config_dword
                0x0000000000103604                pci_write_config_byte
                0x0000000000103670                pci_write_config_word
                0x00000000001036de                pci_write_config_dword
                0x0000000000103744                pci_get_dev_mmio_base_addr
                0x00000000001037ba                pci_set_ivec
 .text          0x000000000010391c      0x10a binaries/platinit.o
                0x000000000010391c                cpu_is_quark
                0x000000000010394a                console_init
                0x00000000001039a7                platinit
 .text          0x0000000000103a26      0x105 binaries/ptclear.o
                0x0000000000103a26                _ptclear
 .text          0x0000000000103b2b       0xaf binaries/ptcount.o
                0x0000000000103b2b                ptcount
 .text          0x0000000000103bda      0x138 binaries/ptcreate.o
                0x0000000000103bda                ptcreate
 .text          0x0000000000103d12       0x94 binaries/ptdelete.o
                0x0000000000103d12                ptdelete
 .text          0x0000000000103da6       0xe7 binaries/ptinit.o
                0x0000000000103da6                ptinit
 .text          0x0000000000103e8d      0x135 binaries/ptrecv.o
                0x0000000000103e8d                ptrecv
 .text          0x0000000000103fc2       0x89 binaries/ptreset.o
                0x0000000000103fc2                ptreset
 .text          0x000000000010404b      0x15a binaries/ptsend.o
                0x000000000010404b                ptsend
 .text          0x00000000001041a5       0x91 binaries/putc.o
                0x00000000001041a5                putc
 .text          0x0000000000104236       0xdb binaries/quark_irq.o
                0x0000000000104236                quark_irq_routing
 .text          0x0000000000104311      0x20f binaries/quark_pdat.o
                0x0000000000104311                get_quark_pdat_entry_data_by_id
                0x0000000000104413                get_quark_pdat_entry_data_by_desc
 .text          0x0000000000104520      0x146 binaries/queue.o
                0x0000000000104520                enqueue
                0x00000000001045e1                dequeue
 .text          0x0000000000104666       0x8c binaries/read.o
                0x0000000000104666                read
 .text          0x00000000001046f2       0x8c binaries/ready.o
                0x00000000001046f2                ready
 .text          0x000000000010477e       0x74 binaries/receive.o
                0x000000000010477e                receive
 .text          0x00000000001047f2       0x70 binaries/recvclr.o
                0x00000000001047f2                recvclr
 .text          0x0000000000104862       0xd5 binaries/recvtime.o
                0x0000000000104862                recvtime
 .text          0x0000000000104937      0x1ce binaries/resched.o
                0x0000000000104937                resched
                0x0000000000104a67                resched_cntl
 .text          0x0000000000104b05       0xbf binaries/resume.o
                0x0000000000104b05                resume
 .text          0x0000000000104bc4       0x8a binaries/seek.o
                0x0000000000104bc4                seek
 .text          0x0000000000104c4e       0x87 binaries/semcount.o
                0x0000000000104c4e                semcount
 .text          0x0000000000104cd5      0x100 binaries/semcreate.o
                0x0000000000104cd5                semcreate
 .text          0x0000000000104dd5       0xdf binaries/semdelete.o
                0x0000000000104dd5                semdelete
 .text          0x0000000000104eb4       0xe3 binaries/semreset.o
                0x0000000000104eb4                semreset
 .text          0x0000000000104f97       0xfb binaries/send.o
                0x0000000000104f97                send
 .text          0x0000000000105092       0xba binaries/signal.o
                0x0000000000105092                signal
 .text          0x000000000010514c       0xe8 binaries/signaln.o
                0x000000000010514c                signaln
 .text          0x0000000000105234      0x10e binaries/sleep.o
                0x0000000000105234                sleep
                0x000000000010528c                sleepms
 .text          0x0000000000105342      0x1b4 binaries/stacktrace.o
                0x0000000000105342                stacktrace
 .text          0x00000000001054f6       0xf5 binaries/suspend.o
                0x00000000001054f6                suspend
 .text          0x00000000001055eb      0x100 binaries/unsleep.o
                0x00000000001055eb                unsleep
 .text          0x00000000001056eb       0x29 binaries/userret.o
                0x00000000001056eb                userret
 .text          0x0000000000105714       0xf5 binaries/wait.o
                0x0000000000105714                wait
 .text          0x0000000000105809       0x98 binaries/wakeup.o
                0x0000000000105809                wakeup
 .text          0x00000000001058a1       0x8c binaries/write.o
                0x00000000001058a1                write
 .text          0x000000000010592d       0x2f binaries/xdone.o
                0x000000000010592d                xdone
 .text          0x000000000010595c       0x37 binaries/yield.o
                0x000000000010595c                yield
 .text          0x0000000000105993       0x1b binaries/abs.o
                0x0000000000105993                abs
 .text          0x00000000001059ae       0x99 binaries/atoi.o
                0x00000000001059ae                atoi
 .text          0x0000000000105a47       0x99 binaries/atol.o
                0x0000000000105a47                atol
 .text          0x0000000000105ae0       0x3c binaries/bzero.o
                0x0000000000105ae0                bzero
 .text          0x0000000000105b1c        0x0 binaries/ctype_.o
 .text          0x0000000000105b1c      0x94d binaries/doprnt.o
                0x0000000000105b1c                _doprnt
 .text          0x0000000000106469      0x6cb binaries/doscan.o
                0x0000000000106469                _doscan
 .text.__x86.get_pc_thunk.di
                0x0000000000106b34        0x4 binaries/doscan.o
                0x0000000000106b34                __x86.get_pc_thunk.di
 .text          0x0000000000106b38      0x76a binaries/fdoprnt.o
                0x0000000000106b38                _fdoprnt
 .text          0x00000000001072a2       0x39 binaries/fgetc.o
                0x00000000001072a2                fgetc
 .text          0x00000000001072db       0x84 binaries/fgets.o
                0x00000000001072db                fgets
 .text          0x000000000010735f       0x3c binaries/fprintf.o
                0x000000000010735f                fprintf
 .text          0x000000000010739b       0x3c binaries/fputc.o
                0x000000000010739b                fputc
 .text          0x00000000001073d7       0x52 binaries/fputs.o
                0x00000000001073d7                fputs
 .text          0x0000000000107429       0xb8 binaries/fscanf.o
                0x0000000000107429                fscanf
 .text          0x00000000001074e1       0x46 binaries/getchar.o
                0x00000000001074e1                getchar
 .text          0x0000000000107527       0x1b binaries/labs.o
                0x0000000000107527                labs
 .text          0x0000000000107542        0x0 binaries/memchr.o
 .text          0x0000000000107542       0x5b binaries/memcmp.o
                0x0000000000107542                memcmp
 .text          0x000000000010759d       0x30 binaries/memcpy.o
                0x000000000010759d                memcpy
 .text          0x00000000001075cd       0x3a binaries/memset.o
                0x00000000001075cd                memset
 .text          0x0000000000107607       0x5e binaries/printf.o
                0x0000000000107607                printf
 .text          0x0000000000107665       0x49 binaries/putchar.o
                0x0000000000107665                putchar
 .text          0x00000000001076ae      0x2b7 binaries/qsort.o
                0x00000000001076ae                qsort
 .text          0x0000000000107965       0x81 binaries/rand.o
                0x0000000000107965                rand
                0x0000000000107989                rand_r
                0x00000000001079cd                srand
 .text          0x00000000001079e6       0x82 binaries/sprintf.o
                0x00000000001079e6                sprintf
 .text          0x0000000000107a68       0x98 binaries/sscanf.o
                0x0000000000107a68                sscanf
 .text          0x0000000000107b00       0x46 binaries/strchr.o
                0x0000000000107b00                strchr
 .text          0x0000000000107b46       0x4f binaries/strcmp.o
                0x0000000000107b46                strcmp
 .text          0x0000000000107b95       0x31 binaries/strcpy.o
                0x0000000000107b95                strcpy
 .text          0x0000000000107bc6       0x30 binaries/strlen.o
                0x0000000000107bc6                strlen
 .text          0x0000000000107bf6       0x60 binaries/strncat.o
                0x0000000000107bf6                strncat
 .text          0x0000000000107c56       0x68 binaries/strncmp.o
                0x0000000000107c56                strncmp
 .text          0x0000000000107cbe       0x59 binaries/strncpy.o
                0x0000000000107cbe                strncpy
 .text          0x0000000000107d17       0x38 binaries/strnlen.o
                0x0000000000107d17                strnlen
 .text          0x0000000000107d4f       0x4f binaries/strrchr.o
                0x0000000000107d4f                strrchr
 .text          0x0000000000107d9e       0x78 binaries/strstr.o
                0x0000000000107d9e                strstr
 .text          0x0000000000107e16       0xfb binaries/ttycontrol.o
                0x0000000000107e16                ttycontrol
 .text          0x0000000000107f11       0xab binaries/ttygetc.o
                0x0000000000107f11                ttygetc
 .text          0x0000000000107fbc      0x721 binaries/ttyhandle_in.o
                0x0000000000107fbc                ttyhandle_in
 .text          0x00000000001086dd      0x197 binaries/ttyhandle_out.o
                0x00000000001086dd                ttyhandle_out
 .text          0x0000000000108874       0xcc binaries/ttyhandler.o
                0x0000000000108874                ttyhandler
 .text          0x0000000000108940      0x21f binaries/ttyinit.o
                0x0000000000108940                ttyinit
 .text          0x0000000000108b5f       0x1a binaries/ttykickout.o
                0x0000000000108b5f                ttykickout
 .text          0x0000000000108b79       0xc9 binaries/ttyputc.o
                0x0000000000108b79                ttyputc
 .text          0x0000000000108c42      0x12d binaries/ttyread.o
                0x0000000000108c42                ttyread
 .text          0x0000000000108d6f       0x5c binaries/ttywrite.o
                0x0000000000108d6f                ttywrite
 .text          0x0000000000108dcb      0x174 binaries/mount.o
                0x0000000000108dcb                mount
                0x0000000000108eff                namlen
 .text          0x0000000000108f3f      0x220 binaries/naminit.o
                0x0000000000108f3f                naminit
 .text          0x000000000010915f      0x243 binaries/nammap.o
                0x000000000010915f                nammap
                0x00000000001091fc                namrepl
                0x0000000000109348                namcpy
 .text          0x00000000001093a2       0x5d binaries/namopen.o
                0x00000000001093a2                namopen
 .text          0x00000000001093ff       0xa8 binaries/ethcontrol.o
                0x00000000001093ff                ethcontrol
 .text          0x00000000001094a7      0x1d1 binaries/ethhandler.o
                0x00000000001094a7                ethhandler
 .text          0x0000000000109678      0x797 binaries/ethinit.o
                0x0000000000109678                eth_phy_read
                0x00000000001096ec                eth_phy_write
                0x000000000010976b                eth_phy_reset
                0x00000000001098bf                ethinit
 .text.__x86.get_pc_thunk.si
                0x0000000000109e0f        0x4 binaries/ethinit.o
                0x0000000000109e0f                __x86.get_pc_thunk.si
 .text          0x0000000000109e13      0x19c binaries/ethmcast.o
                0x0000000000109e13                ethmcast_add
                0x0000000000109ea0                ethmcast_remove
 .text          0x0000000000109faf      0x222 binaries/ethread.o
                0x0000000000109faf                ethread
 .text          0x000000000010a1d1      0x10a binaries/ethwrite.o
                0x000000000010a1d1                ethwrite
 .text          0x000000000010a2db       0xaf binaries/rdsbufalloc.o
                0x000000000010a2db                rdsbufalloc
 .text          0x000000000010a38a       0xcf binaries/rdsclose.o
                0x000000000010a38a                rdsclose
 .text          0x000000000010a459      0x304 binaries/rdscomm.o
                0x000000000010a459                rdscomm
 .text          0x000000000010a75d      0x242 binaries/rdscontrol.o
                0x000000000010a75d                rdscontrol
 .text          0x000000000010a99f      0x204 binaries/rdsinit.o
                0x000000000010a99f                rdsinit
 .text          0x000000000010aba3      0x1a4 binaries/rdsopen.o
                0x000000000010aba3                rdsopen
 .text          0x000000000010ad47      0x471 binaries/rdsprocess.o
                0x000000000010ad47                rdsprocess
 .text          0x000000000010b1b8      0x262 binaries/rdsread.o
                0x000000000010b1b8                rdsread
 .text          0x000000000010b41a      0x202 binaries/rdswrite.o
                0x000000000010b41a                rdswrite
 .text          0x000000000010b61c       0x14 binaries/ramclose.o
                0x000000000010b61c                ramclose
 .text          0x000000000010b630       0x58 binaries/raminit.o
                0x000000000010b630                raminit
 .text          0x000000000010b688       0x14 binaries/ramopen.o
                0x000000000010b688                ramopen
 .text          0x000000000010b69c       0x47 binaries/ramread.o
                0x000000000010b69c                ramread
 .text          0x000000000010b6e3       0x47 binaries/ramwrite.o
                0x000000000010b6e3                ramwrite
 .text          0x000000000010b72a       0xc4 binaries/lfdballoc.o
                0x000000000010b72a                lfdballoc
 .text          0x000000000010b7ee       0x6c binaries/lfdbfree.o
                0x000000000010b7ee                lfdbfree
 .text          0x000000000010b85a       0xe0 binaries/lfflush.o
                0x000000000010b85a                lfflush
 .text          0x000000000010b93a       0xe2 binaries/lfgetmode.o
                0x000000000010b93a                lfgetmode
 .text          0x000000000010ba1c       0x92 binaries/lfiballoc.o
                0x000000000010ba1c                lfiballoc
 .text          0x000000000010baae       0x45 binaries/lfibclear.o
                0x000000000010baae                lfibclear
 .text          0x000000000010baf3       0xbc binaries/lfibget.o
                0x000000000010baf3                lfibget
 .text          0x000000000010bbaf       0xeb binaries/lfibput.o
                0x000000000010bbaf                lfibput
 .text          0x000000000010bc9a       0xbb binaries/lflclose.o
                0x000000000010bc9a                lflclose
 .text          0x000000000010bd55       0xef binaries/lflcontrol.o
                0x000000000010bd55                lflcontrol
 .text          0x000000000010be44      0x104 binaries/lflgetc.o
                0x000000000010be44                lflgetc
 .text          0x000000000010bf48      0x102 binaries/lflinit.o
                0x000000000010bf48                lflinit
 .text          0x000000000010c04a      0x13a binaries/lflputc.o
                0x000000000010c04a                lflputc
 .text          0x000000000010c184       0x7f binaries/lflread.o
                0x000000000010c184                lflread
 .text          0x000000000010c203       0xbe binaries/lflseek.o
                0x000000000010c203                lflseek
 .text          0x000000000010c2c1       0x64 binaries/lflwrite.o
                0x000000000010c2c1                lflwrite
 .text          0x000000000010c325       0x6c binaries/lfscheck.o
                0x000000000010c325                lfscheck
 .text          0x000000000010c391      0x194 binaries/lfsckfmt.o
                0x000000000010c391                lfsckfmt
 .text          0x000000000010c525      0x1e3 binaries/lfscreate.o
                0x000000000010c525                lfscreate
 .text          0x000000000010c708      0x2a3 binaries/lfsetup.o
                0x000000000010c708                lfsetup
 .text          0x000000000010c9ab       0x81 binaries/lfsinit.o
                0x000000000010c9ab                lfsinit
 .text          0x000000000010ca2c      0x411 binaries/lfsopen.o
                0x000000000010ca2c                lfsopen
 .text          0x000000000010ce3d      0x18a binaries/lftruncate.o
                0x000000000010ce3d                lftruncate
 .text          0x000000000010cfc7       0x8f binaries/rflclose.o
                0x000000000010cfc7                rflclose
 .text          0x000000000010d056       0x42 binaries/rflgetc.o
                0x000000000010d056                rflgetc
 .text          0x000000000010d098       0x86 binaries/rflinit.o
                0x000000000010d098                rflinit
 .text          0x000000000010d11e       0x43 binaries/rflputc.o
                0x000000000010d11e                rflputc
 .text          0x000000000010d161      0x396 binaries/rflread.o
                0x000000000010d161                rflread
 .text          0x000000000010d4f7       0x92 binaries/rflseek.o
                0x000000000010d4f7                rflseek
 .text          0x000000000010d589      0x381 binaries/rflwrite.o
                0x000000000010d589                rflwrite
 .text          0x000000000010d90a      0x21d binaries/rfscomm.o
                0x000000000010d90a                rfscomm
 .text          0x000000000010db27      0x2ae binaries/rfscontrol.o
                0x000000000010db27                rfscontrol
 .text          0x000000000010ddd5       0xe2 binaries/rfsgetmode.o
                0x000000000010ddd5                rfsgetmode
 .text          0x000000000010deb7       0xb5 binaries/rfsinit.o
                0x000000000010deb7                rfsinit
 .text          0x000000000010df6c      0x122 binaries/rfsndmsg.o
                0x000000000010df6c                rfsndmsg
 .text          0x000000000010e08e      0x2e3 binaries/rfsopen.o
                0x000000000010e08e                rfsopen
 .text          0x000000000010e371      0x8e6 binaries/arp.o
                0x000000000010e371                arp_init
                0x000000000010e3b7                arp_resolve
                0x000000000010e6a5                arp_in
                0x000000000010e987                arp_alloc
                0x000000000010ea69                arp_ntoh
                0x000000000010eb60                arp_hton
 .text          0x000000000010ec57      0x97b binaries/dhcp.o
                0x000000000010ec57                dhcp_get_opt_val
                0x000000000010ecba                dhcp_bld_bootp_msg
                0x000000000010ede1                dhcp_bld_disc
                0x000000000010eed4                dhcp_bld_req
                0x000000000010f057                getlocalip
 .text          0x000000000010f5d2      0x5f4 binaries/dns.o
                0x000000000010f5d2                dnslookup
 .text          0x000000000010fbc6       0xf4 binaries/dot2ip.o
                0x000000000010fbc6                dot2ip
 .text          0x000000000010fcba      0x528 binaries/hexdump.o
                0x000000000010fcba                hexdump
                0x000000000010fe88                hexadump
 .text          0x00000000001101e2      0x940 binaries/icmp.o
                0x00000000001101e2                icmp_init
                0x0000000000110228                icmp_in
                0x0000000000110409                icmp_register
                0x0000000000110513                icmp_recv
                0x00000000001106b1                icmp_send
                0x0000000000110746                icmp_mkpkt
                0x000000000011087a                icmp_release
                0x0000000000110987                icmp_cksum
                0x0000000000110a24                icmp_hton
                0x0000000000110aa3                icmp_ntoh
 .text          0x0000000000110b22      0x96c binaries/ip.o
                0x0000000000110b22                ip_in
                0x0000000000110cc7                ip_send
                0x0000000000110e49                ip_local
                0x0000000000110eaa                ip_out
                0x0000000000110ff2                ipcksum
                0x0000000000111082                ip_ntoh
                0x0000000000111179                ip_hton
                0x0000000000111270                ipout
                0x00000000001113c7                ip_enqueue
 .text          0x000000000011148e      0x337 binaries/net.o
                0x000000000011148e                net_init
                0x00000000001115ee                netin
                0x00000000001116bc                eth_hton
                0x00000000001116f1                eth_ntoh
                0x0000000000111726                getport
 .text          0x00000000001117c5     0x15bc binaries/pdump.o
                0x00000000001117c5                pdump
                0x000000000011261d                pdumph
 .text          0x0000000000112d81      0x4ee binaries/tftp.o
                0x0000000000112d81                tftp_send1
                0x0000000000112f14                tftpget
 .text          0x000000000011326f      0xc1c binaries/udp.o
                0x000000000011326f                udp_init
                0x00000000001132b5                udp_in
                0x0000000000113408                udp_register
                0x0000000000113557                udp_recv
                0x0000000000113706                udp_recvaddr
                0x00000000001138cd                udp_send
                0x0000000000113ac3                udp_sendto
                0x0000000000113c81                udp_release
                0x0000000000113d8d                udp_ntoh
                0x0000000000113e0c                udp_hton
 .text          0x0000000000113e8b      0x14d binaries/addargs.o
                0x0000000000113e8b                addargs
 .text          0x0000000000113fd8      0x2d1 binaries/lexan.o
                0x0000000000113fd8                lexan
 .text          0x00000000001142a9      0x6dd binaries/shell.o
                0x00000000001142a9                shell
 .text          0x0000000000114986       0x7e binaries/xsh_argecho.o
                0x0000000000114986                xsh_argecho
 .text          0x0000000000114a04      0x2cc binaries/xsh_arp.o
                0x0000000000114a04                xsh_arp
 .text          0x0000000000114cd0      0x2ae binaries/xsh_cat.o
                0x0000000000114cd0                xsh_cat
 .text          0x0000000000114f7e       0x7a binaries/xsh_clear.o
                0x0000000000114f7e                xsh_clear
 .text          0x0000000000114ff8      0x354 binaries/xsh_date.o
                0x0000000000114ff8                xsh_date
 .text          0x000000000011534c       0xcb binaries/xsh_devdump.o
                0x000000000011534c                xsh_devdump
 .text          0x0000000000115417       0x87 binaries/xsh_echo.o
                0x0000000000115417                xsh_echo
 .text          0x000000000011549e       0x14 binaries/xsh_exit.o
                0x000000000011549e                xsh_exit
 .text          0x00000000001154b2      0x3e9 binaries/xsh_help.o
                0x00000000001154b2                xsh_help
 .text          0x000000000011589b      0x287 binaries/xsh_kill.o
                0x000000000011589b                xsh_kill
 .text          0x0000000000115b22      0x23e binaries/xsh_ls.o
                0x0000000000115b22                xsh_ls
 .text          0x0000000000115d60      0x5ad binaries/xsh_memdump.o
                0x0000000000115d60                xsh_memdump
 .text          0x000000000011630d      0x316 binaries/xsh_memstat.o
                0x000000000011630d                xsh_memstat
 .text          0x0000000000116623      0x5d5 binaries/xsh_netinfo.o
                0x0000000000116623                xsh_netinfo
 .text          0x0000000000116bf8      0x4e7 binaries/xsh_ping.o
                0x0000000000116bf8                xsh_ping
 .text          0x00000000001170df      0x27c binaries/xsh_ps.o
                0x00000000001170df                xsh_ps
 .text          0x000000000011735b      0x265 binaries/xsh_sleep.o
                0x000000000011735b                xsh_sleep
 .text          0x00000000001175c0      0x2d8 binaries/xsh_udpdump.o
                0x00000000001175c0                xsh_udpdump
 .text          0x0000000000117898      0x5e7 binaries/xsh_udpecho.o
                0x0000000000117898                xsh_udpecho
 .text          0x0000000000117e7f      0x2fb binaries/xsh_udpserver.o
                0x0000000000117e7f                xsh_udpeserver
 .text          0x000000000011817a      0x230 binaries/xsh_uptime.o
                0x000000000011817a                xsh_uptime
 .text          0x00000000001183aa        0xe binaries/clkdisp.o
                0x00000000001183aa                clkdisp
 .text          0x00000000001183b8       0x19 binaries/ctxsw.o
                0x00000000001183b8                ctxsw
 .text          0x00000000001183d1      0x30a binaries/intr.o
                0x00000000001183d1                disable
                0x00000000001183da                restore
                0x00000000001183e8                enable
                0x00000000001183ea                pause
                0x00000000001183f1                halt
                0x00000000001183f4                spurious_irq7
                0x00000000001183f9                spurious_irq15
                0x0000000000118408                _Xint0
                0x0000000000118410                _Xint1
                0x0000000000118418                _Xint2
                0x0000000000118420                _Xint3
                0x0000000000118428                _Xint4
                0x0000000000118430                _Xint5
                0x000000000011843b                _Xint6
                0x0000000000118443                _Xint7
                0x000000000011844b                _Xint8
                0x0000000000118453                _Xint9
                0x000000000011845b                _Xint10
                0x0000000000118463                _Xint11
                0x000000000011846b                _Xint12
                0x0000000000118473                _Xint13
                0x000000000011847b                _Xint14
                0x0000000000118486                _Xint15
                0x0000000000118491                _Xint16
                0x000000000011849c                _Xint17
                0x00000000001184a7                _Xint18
                0x00000000001184b2                _Xint19
                0x00000000001184bd                _Xint20
                0x00000000001184c8                _Xint21
                0x00000000001184d3                _Xint22
                0x00000000001184de                _Xint23
                0x00000000001184e9                _Xint24
                0x00000000001184f4                _Xint25
                0x00000000001184ff                _Xint26
                0x000000000011850a                _Xint27
                0x0000000000118515                _Xint28
                0x0000000000118520                _Xint29
                0x000000000011852b                _Xint30
                0x0000000000118536                _Xint31
                0x0000000000118541                _extint
                0x0000000000118555                _Xint32
                0x0000000000118561                _Xint33
                0x000000000011856d                _Xint34
                0x0000000000118579                _Xint35
                0x0000000000118585                _Xint36
                0x0000000000118591                _Xint37
                0x000000000011859d                _Xint38
                0x00000000001185a9                _Xint39
                0x00000000001185b5                _Xint40
                0x00000000001185c1                _Xint41
                0x00000000001185d0                _Xint42
                0x00000000001185df                _Xint43
                0x00000000001185ee                _Xint44
                0x00000000001185fd                _Xint45
                0x000000000011860c                _Xint46
                0x000000000011861b                defevec
 .text          0x00000000001186db        0xf binaries/ttydispatch.o
                0x00000000001186db                ttydispatch
 .text          0x00000000001186ea       0x13 binaries/ethdispatch.o
                0x00000000001186ea                ethdispatch
 *(.rodata .rodata.*)
 *fill*         0x00000000001186fd        0x3 
 .rodata        0x0000000000118700       0x8e binaries/ascdate.o
 .rodata        0x000000000011878e       0xae binaries/conf.o
 .rodata        0x000000000011883c       0x83 binaries/early_imr.o
 *fill*         0x00000000001188bf        0x1 
 .rodata        0x00000000001188c0      0x231 binaries/evec.o
 *fill*         0x0000000000118af1        0x3 
 .rodata        0x0000000000118af4       0x61 binaries/getutime.o
 *fill*         0x0000000000118b55        0x3 
 .rodata        0x0000000000118b58      0x184 binaries/initialize.o
 .rodata        0x0000000000118cdc       0x20 binaries/kill.o
 .rodata        0x0000000000118cfc       0x2a binaries/main.o
 *fill*         0x0000000000118d26        0x2 
 .rodata        0x0000000000118d28       0x3e binaries/meminit.o
 .rodata        0x0000000000118d66        0xf binaries/panic.o
 *fill*         0x0000000000118d75        0x3 
 .rodata        0x0000000000118d78       0x20 binaries/pci.o
 .rodata        0x0000000000118d98       0x1d binaries/ptinit.o
 *fill*         0x0000000000118db5        0x3 
 .rodata        0x0000000000118db8       0x25 binaries/ptsend.o
 .rodata        0x0000000000118ddd       0x22 binaries/quark_pdat.o
 *fill*         0x0000000000118dff        0x1 
 .rodata        0x0000000000118e00       0xb7 binaries/stacktrace.o
 *fill*         0x0000000000118eb7        0x1 
 .rodata        0x0000000000118eb8       0x27 binaries/xdone.o
 *fill*         0x0000000000118edf        0x1 
 .rodata        0x0000000000118ee0       0x81 binaries/ctype_.o
                0x0000000000118ee0                _ctype_
 *fill*         0x0000000000118f61        0x3 
 .rodata        0x0000000000118f64       0xee binaries/doprnt.o
 *fill*         0x0000000000119052        0x2 
 .rodata        0x0000000000119054       0x98 binaries/doscan.o
 .rodata        0x00000000001190ec       0xae binaries/fdoprnt.o
 *fill*         0x000000000011919a        0x2 
 .rodata        0x000000000011919c       0x20 binaries/ttycontrol.o
 .rodata        0x00000000001191bc       0x34 binaries/ttyhandler.o
 .rodata        0x00000000001191f0       0x80 binaries/naminit.o
 .rodata        0x0000000000119270       0x46 binaries/ethinit.o
 *fill*         0x00000000001192b6        0x2 
 .rodata        0x00000000001192b8       0x2c binaries/rdsbufalloc.o
 .rodata        0x00000000001192e4       0x76 binaries/rdscomm.o
 *fill*         0x000000000011935a        0x2 
 .rodata        0x000000000011935c       0x48 binaries/rdscontrol.o
 .rodata        0x00000000001193a4       0x96 binaries/rdsinit.o
 *fill*         0x000000000011943a        0x2 
 .rodata        0x000000000011943c       0x22 binaries/rdsopen.o
 *fill*         0x000000000011945e        0x2 
 .rodata        0x0000000000119460       0x4d binaries/rdsprocess.o
 .rodata        0x00000000001194ad        0x9 binaries/raminit.o
 *fill*         0x00000000001194b6        0x2 
 .rodata        0x00000000001194b8       0x37 binaries/lfdballoc.o
 .rodata        0x00000000001194ef       0x14 binaries/lfiballoc.o
 *fill*         0x0000000000119503        0x1 
 .rodata        0x0000000000119504       0x23 binaries/lflcontrol.o
 *fill*         0x0000000000119527        0x1 
 .rodata        0x0000000000119528      0x11b binaries/lfsckfmt.o
 *fill*         0x0000000000119643        0x1 
 .rodata        0x0000000000119644       0x2a binaries/lfsopen.o
 *fill*         0x000000000011966e        0x2 
 .rodata        0x0000000000119670       0x21 binaries/rflread.o
 *fill*         0x0000000000119691        0x3 
 .rodata        0x0000000000119694       0x21 binaries/rflwrite.o
 *fill*         0x00000000001196b5        0x3 
 .rodata        0x00000000001196b8       0x75 binaries/rfscomm.o
 *fill*         0x000000000011972d        0x3 
 .rodata        0x0000000000119730       0x3c binaries/rfscontrol.o
 .rodata        0x000000000011976c       0x63 binaries/rfsinit.o
 *fill*         0x00000000001197cf        0x1 
 .rodata        0x00000000001197d0       0x2a binaries/rfsndmsg.o
 *fill*         0x00000000001197fa        0x2 
 .rodata        0x00000000001197fc       0x22 binaries/rfsopen.o
 *fill*         0x000000000011981e        0x2 
 .rodata        0x0000000000119820       0x3a binaries/arp.o
 *fill*         0x000000000011985a        0x2 
 .rodata        0x000000000011985c       0xcf binaries/dhcp.o
 .rodata        0x000000000011992b       0x1a binaries/dns.o
 *fill*         0x0000000000119945        0x3 
 .rodata        0x0000000000119948       0xc9 binaries/hexdump.o
 *fill*         0x0000000000119a11        0x3 
 .rodata        0x0000000000119a14       0x29 binaries/icmp.o
 *fill*         0x0000000000119a3d        0x3 
 .rodata        0x0000000000119a40       0x6e binaries/ip.o
 *fill*         0x0000000000119aae        0x2 
 .rodata        0x0000000000119ab0       0x4f binaries/net.o
 *fill*         0x0000000000119aff        0x1 
 .rodata        0x0000000000119b00      0x26f binaries/pdump.o
 *fill*         0x0000000000119d6f        0x1 
 .rodata        0x0000000000119d70      0x10c binaries/tftp.o
 .rodata        0x0000000000119e7c      0x2c1 binaries/shell.o
 .rodata        0x000000000011a13d       0x28 binaries/xsh_argecho.o
 *fill*         0x000000000011a165        0x3 
 .rodata        0x000000000011a168      0x123 binaries/xsh_arp.o
 *fill*         0x000000000011a28b        0x1 
 .rodata        0x000000000011a28c       0xc9 binaries/xsh_cat.o
 .rodata        0x000000000011a355       0x19 binaries/xsh_clear.o
 *fill*         0x000000000011a36e        0x2 
 .rodata        0x000000000011a370      0x1c3 binaries/xsh_date.o
 .rodata        0x000000000011a533       0x5d binaries/xsh_devdump.o
 .rodata        0x000000000011a590        0x9 binaries/xsh_echo.o
 *fill*         0x000000000011a599        0x3 
 .rodata        0x000000000011a59c      0x169 binaries/xsh_help.o
 *fill*         0x000000000011a705        0x3 
 .rodata        0x000000000011a708      0x12e binaries/xsh_kill.o
 *fill*         0x000000000011a836        0x2 
 .rodata        0x000000000011a838       0xea binaries/xsh_ls.o
 *fill*         0x000000000011a922        0x2 
 .rodata        0x000000000011a924      0x266 binaries/xsh_memdump.o
 *fill*         0x000000000011ab8a        0x2 
 .rodata        0x000000000011ab8c      0x225 binaries/xsh_memstat.o
 *fill*         0x000000000011adb1        0x3 
 .rodata        0x000000000011adb4      0x1b0 binaries/xsh_netinfo.o
 .rodata        0x000000000011af64      0x1a1 binaries/xsh_ping.o
 *fill*         0x000000000011b105        0x3 
 .rodata        0x000000000011b108      0x1a8 binaries/xsh_ps.o
 .rodata        0x000000000011b2b0       0xeb binaries/xsh_sleep.o
 *fill*         0x000000000011b39b        0x1 
 .rodata        0x000000000011b39c      0x1b8 binaries/xsh_udpdump.o
 .rodata        0x000000000011b554      0x251 binaries/xsh_udpecho.o
 *fill*         0x000000000011b7a5        0x3 
 .rodata        0x000000000011b7a8      0x12b binaries/xsh_udpserver.o
 *fill*         0x000000000011b8d3        0x1 
 .rodata        0x000000000011b8d4      0x105 binaries/xsh_uptime.o
                0x000000000011b9d9                etext = ABSOLUTE (.)
                0x000000000011c000                . = ALIGN (0x1000)
 *fill*         0x000000000011b9d9      0x627 

.eh_frame       0x000000000011c000     0x30c4
 .eh_frame      0x000000000011c000       0x50 binaries/ascdate.o
 .eh_frame      0x000000000011c050       0x34 binaries/bufinit.o
                                         0x4c (size before relaxing)
 .eh_frame      0x000000000011c084       0x38 binaries/chprio.o
                                         0x50 (size before relaxing)
 .eh_frame      0x000000000011c0bc       0x28 binaries/clkhandler.o
                                         0x54 (size before relaxing)
 .eh_frame      0x000000000011c0e4       0x24 binaries/clkinit.o
                                         0x50 (size before relaxing)
 .eh_frame      0x000000000011c108       0x24 binaries/close.o
                                         0x50 (size before relaxing)
 .eh_frame      0x000000000011c12c       0x24 binaries/control.o
                                         0x50 (size before relaxing)
 .eh_frame      0x000000000011c150       0x48 binaries/create.o
                                         0x88 (size before relaxing)
 .eh_frame      0x000000000011c198      0x114 binaries/early_imr.o
                                        0x154 (size before relaxing)
 .eh_frame      0x000000000011c2ac      0x104 binaries/evec.o
                                        0x144 (size before relaxing)
 .eh_frame      0x000000000011c3b0       0x24 binaries/exit.o
                                         0x50 (size before relaxing)
 .eh_frame      0x000000000011c3d4       0x24 binaries/freebuf.o
                                         0x50 (size before relaxing)
 .eh_frame      0x000000000011c3f8       0x24 binaries/freemem.o
                                         0x50 (size before relaxing)
 .eh_frame      0x000000000011c41c       0x24 binaries/getbuf.o
                                         0x50 (size before relaxing)
 .eh_frame      0x000000000011c440       0x24 binaries/getc.o
                                         0x50 (size before relaxing)
 .eh_frame      0x000000000011c464       0x24 binaries/getdev.o
                                         0x50 (size before relaxing)
 .eh_frame      0x000000000011c488       0x64 binaries/getitem.o
                                         0xa4 (size before relaxing)
 .eh_frame      0x000000000011c4ec       0x24 binaries/getmem.o
                                         0x50 (size before relaxing)
 .eh_frame      0x000000000011c510       0x20 binaries/getpid.o
                                         0x4c (size before relaxing)
 .eh_frame      0x000000000011c530       0x24 binaries/getprio.o
                                         0x50 (size before relaxing)
 .eh_frame      0x000000000011c554       0x24 binaries/getstk.o
                                         0x50 (size before relaxing)
 .eh_frame      0x000000000011c578       0x20 binaries/getticks.o
                                         0x4c (size before relaxing)
 .eh_frame      0x000000000011c598       0x24 binaries/gettime.o
                                         0x50 (size before relaxing)
 .eh_frame      0x000000000011c5bc       0x24 binaries/getutime.o
                                         0x50 (size before relaxing)
 .eh_frame      0x000000000011c5e0       0x24 binaries/init.o
                                         0x50 (size before relaxing)
 .eh_frame      0x000000000011c604       0xa8 binaries/initialize.o
                                         0xe8 (size before relaxing)
 .eh_frame      0x000000000011c6ac       0x24 binaries/insert.o
                                         0x50 (size before relaxing)
 .eh_frame      0x000000000011c6d0       0x28 binaries/insertd.o
                                         0x54 (size before relaxing)
 .eh_frame      0x000000000011c6f8       0x20 binaries/ioerr.o
                                         0x4c (size before relaxing)
 .eh_frame      0x000000000011c718       0x20 binaries/ionull.o
                                         0x4c (size before relaxing)
 .eh_frame      0x000000000011c738       0x2c binaries/kill.o
                                         0x58 (size before relaxing)
 .eh_frame      0x000000000011c764       0x6c binaries/kprintf.o
                                         0xac (size before relaxing)
 .eh_frame      0x000000000011c7d0       0x28 binaries/main.o
                                         0x54 (size before relaxing)
 .eh_frame      0x000000000011c7f8       0x48 binaries/mark.o
                                         0x74 (size before relaxing)
 .eh_frame      0x000000000011c840       0x54 binaries/meminit.o
                                         0x94 (size before relaxing)
 .eh_frame      0x000000000011c894       0x24 binaries/mkbufpool.o
                                         0x50 (size before relaxing)
 .eh_frame      0x000000000011c8b8       0x24 binaries/newqueue.o
                                         0x50 (size before relaxing)
 .eh_frame      0x000000000011c8dc       0x24 binaries/open.o
                                         0x50 (size before relaxing)
 .eh_frame      0x000000000011c900       0x1c binaries/panic.o
                                         0x48 (size before relaxing)
 .eh_frame      0x000000000011c91c      0x1e4 binaries/pci.o
                                        0x224 (size before relaxing)
 .eh_frame      0x000000000011cb00       0x6c binaries/platinit.o
                                         0xac (size before relaxing)
 .eh_frame      0x000000000011cb6c       0x24 binaries/ptclear.o
                                         0x50 (size before relaxing)
 .eh_frame      0x000000000011cb90       0x24 binaries/ptcount.o
                                         0x50 (size before relaxing)
 .eh_frame      0x000000000011cbb4       0x24 binaries/ptcreate.o
                                         0x50 (size before relaxing)
 .eh_frame      0x000000000011cbd8       0x24 binaries/ptdelete.o
                                         0x50 (size before relaxing)
 .eh_frame      0x000000000011cbfc       0x24 binaries/ptinit.o
                                         0x50 (size before relaxing)
 .eh_frame      0x000000000011cc20       0x24 binaries/ptrecv.o
                                         0x50 (size before relaxing)
 .eh_frame      0x000000000011cc44       0x24 binaries/ptreset.o
                                         0x50 (size before relaxing)
 .eh_frame      0x000000000011cc68       0x24 binaries/ptsend.o
                                         0x50 (size before relaxing)
 .eh_frame      0x000000000011cc8c       0x24 binaries/putc.o
                                         0x50 (size before relaxing)
 .eh_frame      0x000000000011ccb0       0x24 binaries/quark_irq.o
                                         0x50 (size before relaxing)
 .eh_frame      0x000000000011ccd4       0x48 binaries/quark_pdat.o
                                         0x74 (size before relaxing)
 .eh_frame      0x000000000011cd1c       0x48 binaries/queue.o
                                         0x88 (size before relaxing)
 .eh_frame      0x000000000011cd64       0x24 binaries/read.o
                                         0x50 (size before relaxing)
 .eh_frame      0x000000000011cd88       0x28 binaries/ready.o
                                         0x54 (size before relaxing)
 .eh_frame      0x000000000011cdb0       0x24 binaries/receive.o
                                         0x50 (size before relaxing)
 .eh_frame      0x000000000011cdd4       0x24 binaries/recvclr.o
                                         0x50 (size before relaxing)
 .eh_frame      0x000000000011cdf8       0x24 binaries/recvtime.o
                                         0x50 (size before relaxing)
 .eh_frame      0x000000000011ce1c       0x48 binaries/resched.o
                                         0x88 (size before relaxing)
 .eh_frame      0x000000000011ce64       0x24 binaries/resume.o
                                         0x50 (size before relaxing)
 .eh_frame      0x000000000011ce88       0x24 binaries/seek.o
                                         0x50 (size before relaxing)
 .eh_frame      0x000000000011ceac       0x24 binaries/semcount.o
                                         0x50 (size before relaxing)
 .eh_frame      0x000000000011ced0       0x48 binaries/semcreate.o
                                         0x88 (size before relaxing)
 .eh_frame      0x000000000011cf18       0x24 binaries/semdelete.o
                                         0x50 (size before relaxing)
 .eh_frame      0x000000000011cf3c       0x24 binaries/semreset.o
                                         0x50 (size before relaxing)
 .eh_frame      0x000000000011cf60       0x24 binaries/send.o
                                         0x50 (size before relaxing)
 .eh_frame      0x000000000011cf84       0x24 binaries/signal.o
                                         0x50 (size before relaxing)
 .eh_frame      0x000000000011cfa8       0x24 binaries/signaln.o
                                         0x50 (size before relaxing)
 .eh_frame      0x000000000011cfcc       0x44 binaries/sleep.o
                                         0x84 (size before relaxing)
 .eh_frame      0x000000000011d010       0x24 binaries/stacktrace.o
                                         0x50 (size before relaxing)
 .eh_frame      0x000000000011d034       0x24 binaries/suspend.o
                                         0x50 (size before relaxing)
 .eh_frame      0x000000000011d058       0x24 binaries/unsleep.o
                                         0x50 (size before relaxing)
 .eh_frame      0x000000000011d07c       0x24 binaries/userret.o
                                         0x50 (size before relaxing)
 .eh_frame      0x000000000011d0a0       0x24 binaries/wait.o
                                         0x50 (size before relaxing)
 .eh_frame      0x000000000011d0c4       0x24 binaries/wakeup.o
                                         0x50 (size before relaxing)
 .eh_frame      0x000000000011d0e8       0x24 binaries/write.o
                                         0x50 (size before relaxing)
 .eh_frame      0x000000000011d10c       0x24 binaries/xdone.o
                                         0x50 (size before relaxing)
 .eh_frame      0x000000000011d130       0x24 binaries/yield.o
                                         0x50 (size before relaxing)
 .eh_frame      0x000000000011d154       0x20 binaries/abs.o
                                         0x4c (size before relaxing)
 .eh_frame      0x000000000011d174       0x20 binaries/atoi.o
                                         0x4c (size before relaxing)
 .eh_frame      0x000000000011d194       0x20 binaries/atol.o
                                         0x4c (size before relaxing)
 .eh_frame      0x000000000011d1b4       0x20 binaries/bzero.o
                                         0x4c (size before relaxing)
 .eh_frame      0x000000000011d1d4       0xec binaries/doprnt.o
                                        0x140 (size before relaxing)
 .eh_frame      0x000000000011d2c0       0xc8 binaries/doscan.o
                                         0xf4 (size before relaxing)
 .eh_frame      0x000000000011d388       0xcc binaries/fdoprnt.o
                                        0x10c (size before relaxing)
 .eh_frame      0x000000000011d454       0x24 binaries/fgetc.o
                                         0x50 (size before relaxing)
 .eh_frame      0x000000000011d478       0x24 binaries/fgets.o
                                         0x50 (size before relaxing)
 .eh_frame      0x000000000011d49c       0x24 binaries/fprintf.o
                                         0x50 (size before relaxing)
 .eh_frame      0x000000000011d4c0       0x24 binaries/fputc.o
                                         0x50 (size before relaxing)
 .eh_frame      0x000000000011d4e4       0x24 binaries/fputs.o
                                         0x50 (size before relaxing)
 .eh_frame      0x000000000011d508       0x68 binaries/fscanf.o
                                         0x94 (size before relaxing)
 .eh_frame      0x000000000011d570       0x24 binaries/getchar.o
                                         0x50 (size before relaxing)
 .eh_frame      0x000000000011d594       0x20 binaries/labs.o
                                         0x4c (size before relaxing)
 .eh_frame      0x000000000011d5b4       0x20 binaries/memcmp.o
                                         0x4c (size before relaxing)
 .eh_frame      0x000000000011d5d4       0x28 binaries/memcpy.o
                                         0x54 (size before relaxing)
 .eh_frame      0x000000000011d5fc       0x24 binaries/memset.o
                                         0x50 (size before relaxing)
 .eh_frame      0x000000000011d620       0x24 binaries/printf.o
                                         0x50 (size before relaxing)
 .eh_frame      0x000000000011d644       0x24 binaries/putchar.o
                                         0x50 (size before relaxing)
 .eh_frame      0x000000000011d668       0xa4 binaries/qsort.o
                                         0xd0 (size before relaxing)
 .eh_frame      0x000000000011d70c       0x60 binaries/rand.o
                                         0x8c (size before relaxing)
 .eh_frame      0x000000000011d76c       0x44 binaries/sprintf.o
                                         0x70 (size before relaxing)
 .eh_frame      0x000000000011d7b0       0x64 binaries/sscanf.o
                                         0x90 (size before relaxing)
 .eh_frame      0x000000000011d814       0x20 binaries/strchr.o
                                         0x4c (size before relaxing)
 .eh_frame      0x000000000011d834       0x20 binaries/strcmp.o
                                         0x4c (size before relaxing)
 .eh_frame      0x000000000011d854       0x20 binaries/strcpy.o
                                         0x4c (size before relaxing)
 .eh_frame      0x000000000011d874       0x20 binaries/strlen.o
                                         0x4c (size before relaxing)
 .eh_frame      0x000000000011d894       0x20 binaries/strncat.o
                                         0x4c (size before relaxing)
 .eh_frame      0x000000000011d8b4       0x20 binaries/strncmp.o
                                         0x4c (size before relaxing)
 .eh_frame      0x000000000011d8d4       0x28 binaries/strncpy.o
                                         0x54 (size before relaxing)
 .eh_frame      0x000000000011d8fc       0x20 binaries/strnlen.o
                                         0x4c (size before relaxing)
 .eh_frame      0x000000000011d91c       0x20 binaries/strrchr.o
                                         0x4c (size before relaxing)
 .eh_frame      0x000000000011d93c       0x20 binaries/strstr.o
                                         0x4c (size before relaxing)
 .eh_frame      0x000000000011d95c       0x24 binaries/ttycontrol.o
                                         0x50 (size before relaxing)
 .eh_frame      0x000000000011d980       0x24 binaries/ttygetc.o
                                         0x50 (size before relaxing)
 .eh_frame      0x000000000011d9a4       0x88 binaries/ttyhandle_in.o
                                         0xdc (size before relaxing)
 .eh_frame      0x000000000011da2c       0x24 binaries/ttyhandle_out.o
                                         0x50 (size before relaxing)
 .eh_frame      0x000000000011da50       0x24 binaries/ttyhandler.o
                                         0x50 (size before relaxing)
 .eh_frame      0x000000000011da74       0x24 binaries/ttyinit.o
                                         0x50 (size before relaxing)
 .eh_frame      0x000000000011da98       0x20 binaries/ttykickout.o
                                         0x4c (size before relaxing)
 .eh_frame      0x000000000011dab8       0x24 binaries/ttyputc.o
                                         0x50 (size before relaxing)
 .eh_frame      0x000000000011dadc       0x24 binaries/ttyread.o
                                         0x50 (size before relaxing)
 .eh_frame      0x000000000011db00       0x24 binaries/ttywrite.o
                                         0x50 (size before relaxing)
 .eh_frame      0x000000000011db24       0x44 binaries/mount.o
                                         0x84 (size before relaxing)
 .eh_frame      0x000000000011db68       0x24 binaries/naminit.o
                                         0x50 (size before relaxing)
 .eh_frame      0x000000000011db8c       0x68 binaries/nammap.o
                                         0xa8 (size before relaxing)
 .eh_frame      0x000000000011dbf4       0x24 binaries/namopen.o
                                         0x50 (size before relaxing)
 .eh_frame      0x000000000011dc18       0x24 binaries/ethcontrol.o
                                         0x50 (size before relaxing)
 .eh_frame      0x000000000011dc3c       0x24 binaries/ethhandler.o
                                         0x50 (size before relaxing)
 .eh_frame      0x000000000011dc60       0xb8 binaries/ethinit.o
                                         0xf8 (size before relaxing)
 .eh_frame      0x000000000011dd18       0x48 binaries/ethmcast.o
                                         0x88 (size before relaxing)
 .eh_frame      0x000000000011dd60       0x24 binaries/ethread.o
                                         0x50 (size before relaxing)
 .eh_frame      0x000000000011dd84       0x24 binaries/ethwrite.o
                                         0x50 (size before relaxing)
 .eh_frame      0x000000000011dda8       0x24 binaries/rdsbufalloc.o
                                         0x50 (size before relaxing)
 .eh_frame      0x000000000011ddcc       0x20 binaries/rdsclose.o
                                         0x4c (size before relaxing)
 .eh_frame      0x000000000011ddec       0x24 binaries/rdscomm.o
                                         0x50 (size before relaxing)
 .eh_frame      0x000000000011de10       0x24 binaries/rdscontrol.o
                                         0x50 (size before relaxing)
 .eh_frame      0x000000000011de34       0x24 binaries/rdsinit.o
                                         0x50 (size before relaxing)
 .eh_frame      0x000000000011de58       0x24 binaries/rdsopen.o
                                         0x50 (size before relaxing)
 .eh_frame      0x000000000011de7c       0x1c binaries/rdsprocess.o
                                         0x48 (size before relaxing)
 .eh_frame      0x000000000011de98       0x24 binaries/rdsread.o
                                         0x50 (size before relaxing)
 .eh_frame      0x000000000011debc       0x24 binaries/rdswrite.o
                                         0x50 (size before relaxing)
 .eh_frame      0x000000000011dee0       0x20 binaries/ramclose.o
                                         0x4c (size before relaxing)
 .eh_frame      0x000000000011df00       0x24 binaries/raminit.o
                                         0x50 (size before relaxing)
 .eh_frame      0x000000000011df24       0x20 binaries/ramopen.o
                                         0x4c (size before relaxing)
 .eh_frame      0x000000000011df44       0x24 binaries/ramread.o
                                         0x50 (size before relaxing)
 .eh_frame      0x000000000011df68       0x24 binaries/ramwrite.o
                                         0x50 (size before relaxing)
 .eh_frame      0x000000000011df8c       0x24 binaries/lfdballoc.o
                                         0x50 (size before relaxing)
 .eh_frame      0x000000000011dfb0       0x24 binaries/lfdbfree.o
                                         0x50 (size before relaxing)
 .eh_frame      0x000000000011dfd4       0x24 binaries/lfflush.o
                                         0x50 (size before relaxing)
 .eh_frame      0x000000000011dff8       0x20 binaries/lfgetmode.o
                                         0x4c (size before relaxing)
 .eh_frame      0x000000000011e018       0x24 binaries/lfiballoc.o
                                         0x50 (size before relaxing)
 .eh_frame      0x000000000011e03c       0x20 binaries/lfibclear.o
                                         0x4c (size before relaxing)
 .eh_frame      0x000000000011e05c       0x24 binaries/lfibget.o
                                         0x50 (size before relaxing)
 .eh_frame      0x000000000011e080       0x24 binaries/lfibput.o
                                         0x50 (size before relaxing)
 .eh_frame      0x000000000011e0a4       0x24 binaries/lflclose.o
                                         0x50 (size before relaxing)
 .eh_frame      0x000000000011e0c8       0x24 binaries/lflcontrol.o
                                         0x50 (size before relaxing)
 .eh_frame      0x000000000011e0ec       0x24 binaries/lflgetc.o
                                         0x50 (size before relaxing)
 .eh_frame      0x000000000011e110       0x24 binaries/lflinit.o
                                         0x50 (size before relaxing)
 .eh_frame      0x000000000011e134       0x24 binaries/lflputc.o
                                         0x50 (size before relaxing)
 .eh_frame      0x000000000011e158       0x24 binaries/lflread.o
                                         0x50 (size before relaxing)
 .eh_frame      0x000000000011e17c       0x24 binaries/lflseek.o
                                         0x50 (size before relaxing)
 .eh_frame      0x000000000011e1a0       0x24 binaries/lflwrite.o
                                         0x50 (size before relaxing)
 .eh_frame      0x000000000011e1c4       0x20 binaries/lfscheck.o
                                         0x4c (size before relaxing)
 .eh_frame      0x000000000011e1e4       0x24 binaries/lfsckfmt.o
                                         0x50 (size before relaxing)
 .eh_frame      0x000000000011e208       0x24 binaries/lfscreate.o
                                         0x50 (size before relaxing)
 .eh_frame      0x000000000011e22c       0x24 binaries/lfsetup.o
                                         0x50 (size before relaxing)
 .eh_frame      0x000000000011e250       0x24 binaries/lfsinit.o
                                         0x50 (size before relaxing)
 .eh_frame      0x000000000011e274       0x24 binaries/lfsopen.o
                                         0x50 (size before relaxing)
 .eh_frame      0x000000000011e298       0x24 binaries/lftruncate.o
                                         0x50 (size before relaxing)
 .eh_frame      0x000000000011e2bc       0x24 binaries/rflclose.o
                                         0x50 (size before relaxing)
 .eh_frame      0x000000000011e2e0       0x24 binaries/rflgetc.o
                                         0x50 (size before relaxing)
 .eh_frame      0x000000000011e304       0x20 binaries/rflinit.o
                                         0x4c (size before relaxing)
 .eh_frame      0x000000000011e324       0x24 binaries/rflputc.o
                                         0x50 (size before relaxing)
 .eh_frame      0x000000000011e348       0x24 binaries/rflread.o
                                         0x50 (size before relaxing)
 .eh_frame      0x000000000011e36c       0x24 binaries/rflseek.o
                                         0x50 (size before relaxing)
 .eh_frame      0x000000000011e390       0x24 binaries/rflwrite.o
                                         0x50 (size before relaxing)
 .eh_frame      0x000000000011e3b4       0x24 binaries/rfscomm.o
                                         0x50 (size before relaxing)
 .eh_frame      0x000000000011e3d8       0x24 binaries/rfscontrol.o
                                         0x50 (size before relaxing)
 .eh_frame      0x000000000011e3fc       0x20 binaries/rfsgetmode.o
                                         0x4c (size before relaxing)
 .eh_frame      0x000000000011e41c       0x24 binaries/rfsinit.o
                                         0x50 (size before relaxing)
 .eh_frame      0x000000000011e440       0x24 binaries/rfsndmsg.o
                                         0x50 (size before relaxing)
 .eh_frame      0x000000000011e464       0x24 binaries/rfsopen.o
                                         0x50 (size before relaxing)
 .eh_frame      0x000000000011e488       0xd0 binaries/arp.o
                                        0x124 (size before relaxing)
 .eh_frame      0x000000000011e558       0xac binaries/dhcp.o
                                         0xec (size before relaxing)
 .eh_frame      0x000000000011e604       0x90 binaries/dns.o
                                         0xd0 (size before relaxing)
 .eh_frame      0x000000000011e694       0x20 binaries/dot2ip.o
                                         0x4c (size before relaxing)
 .eh_frame      0x000000000011e6b4       0x48 binaries/hexdump.o
                                         0x74 (size before relaxing)
 .eh_frame      0x000000000011e6fc      0x168 binaries/icmp.o
                                        0x1bc (size before relaxing)
 .eh_frame      0x000000000011e864      0x130 binaries/ip.o
                                        0x170 (size before relaxing)
 .eh_frame      0x000000000011e994       0xa8 binaries/net.o
                                         0xfc (size before relaxing)
 .eh_frame      0x000000000011ea3c       0x60 binaries/pdump.o
                                         0xa0 (size before relaxing)
 .eh_frame      0x000000000011ea9c       0x54 binaries/tftp.o
                                         0x80 (size before relaxing)
 .eh_frame      0x000000000011eaf0      0x160 binaries/udp.o
                                        0x1b4 (size before relaxing)
 .eh_frame      0x000000000011ec50       0x24 binaries/addargs.o
                                         0x50 (size before relaxing)
 .eh_frame      0x000000000011ec74       0x20 binaries/lexan.o
                                         0x4c (size before relaxing)
 .eh_frame      0x000000000011ec94       0x2c binaries/shell.o
                                         0x58 (size before relaxing)
 .eh_frame      0x000000000011ecc0       0x24 binaries/xsh_argecho.o
                                         0x50 (size before relaxing)
 .eh_frame      0x000000000011ece4       0x48 binaries/xsh_arp.o
                                         0x74 (size before relaxing)
 .eh_frame      0x000000000011ed2c       0x2c binaries/xsh_cat.o
                                         0x58 (size before relaxing)
 .eh_frame      0x000000000011ed58       0x28 binaries/xsh_clear.o
                                         0x54 (size before relaxing)
 .eh_frame      0x000000000011ed80       0x2c binaries/xsh_date.o
                                         0x58 (size before relaxing)
 .eh_frame      0x000000000011edac       0x24 binaries/xsh_devdump.o
                                         0x50 (size before relaxing)
 .eh_frame      0x000000000011edd0       0x24 binaries/xsh_echo.o
                                         0x50 (size before relaxing)
 .eh_frame      0x000000000011edf4       0x20 binaries/xsh_exit.o
                                         0x4c (size before relaxing)
 .eh_frame      0x000000000011ee14       0x2c binaries/xsh_help.o
                                         0x58 (size before relaxing)
 .eh_frame      0x000000000011ee40       0x2c binaries/xsh_kill.o
                                         0x58 (size before relaxing)
 .eh_frame      0x000000000011ee6c       0x24 binaries/xsh_ls.o
                                         0x50 (size before relaxing)
 .eh_frame      0x000000000011ee90       0x4c binaries/xsh_memdump.o
                                         0x8c (size before relaxing)
 .eh_frame      0x000000000011eedc       0x74 binaries/xsh_memstat.o
                                         0xa0 (size before relaxing)
 .eh_frame      0x000000000011ef50       0x30 binaries/xsh_netinfo.o
                                         0x5c (size before relaxing)
 .eh_frame      0x000000000011ef80       0x30 binaries/xsh_ping.o
                                         0x5c (size before relaxing)
 .eh_frame      0x000000000011efb0       0x30 binaries/xsh_ps.o
                                         0x5c (size before relaxing)
 .eh_frame      0x000000000011efe0       0x2c binaries/xsh_sleep.o
                                         0x58 (size before relaxing)
 .eh_frame      0x000000000011f00c       0x2c binaries/xsh_udpdump.o
                                         0x58 (size before relaxing)
 .eh_frame      0x000000000011f038       0x30 binaries/xsh_udpecho.o
                                         0x5c (size before relaxing)
 .eh_frame      0x000000000011f068       0x30 binaries/xsh_udpserver.o
                                         0x5c (size before relaxing)
 .eh_frame      0x000000000011f098       0x2c binaries/xsh_uptime.o
                                         0x58 (size before relaxing)

.iplt           0x000000000011f0c8        0x0
 .iplt          0x000000000011f0c8        0x0 binaries/start.o

.rel.dyn        0x000000000011f0c4        0x0
 .rel.got       0x000000000011f0c4        0x0 binaries/start.o
 .rel.iplt      0x000000000011f0c4        0x0 binaries/start.o
 .rel.text      0x000000000011f0c4        0x0 binaries/start.o

.data           0x000000000011f0e0     0x1f20
                0x000000000011f0e0                data = ABSOLUTE (.)
 *(.data .data.*)
 .data          0x000000000011f0e0      0x83a binaries/start.o
                0x000000000011f0e0                gdt
                0x000000000011f110                idt
                0x000000000011f916                cpudelay
 .data          0x000000000011f91a        0x0 binaries/ascdate.o
 *fill*         0x000000000011f91a        0x6 
 .data.rel.local
                0x000000000011f920       0x88 binaries/ascdate.o
                0x000000000011f920                Date
 .data          0x000000000011f9a8        0x0 binaries/bufinit.o
 .data          0x000000000011f9a8        0x0 binaries/chprio.o
 .data          0x000000000011f9a8        0x0 binaries/clkhandler.o
 .data          0x000000000011f9a8        0x4 binaries/clkinit.o
                0x000000000011f9a8                hpet
 .data          0x000000000011f9ac        0x0 binaries/close.o
 .data          0x000000000011f9ac        0x0 binaries/conf.o
 *fill*         0x000000000011f9ac       0x14 
 .data.rel      0x000000000011f9c0      0x5a0 binaries/conf.o
                0x000000000011f9c0                devtab
 .data          0x000000000011ff60        0x0 binaries/control.o
 .data          0x000000000011ff60        0x4 binaries/create.o
 .data          0x000000000011ff64        0x0 binaries/early_imr.o
 .data          0x000000000011ff64        0x4 binaries/evec.o
                0x000000000011ff64                lapic
 *fill*         0x000000000011ff68       0x18 
 .data.rel.local
                0x000000000011ff80       0x40 binaries/evec.o
                0x000000000011ff80                inames
 .data          0x000000000011ffc0        0x0 binaries/exit.o
 .data          0x000000000011ffc0        0x0 binaries/freebuf.o
 .data          0x000000000011ffc0        0x0 binaries/freemem.o
 .data          0x000000000011ffc0        0x0 binaries/getbuf.o
 .data          0x000000000011ffc0        0x0 binaries/getc.o
 .data          0x000000000011ffc0        0x0 binaries/getdev.o
 .data          0x000000000011ffc0        0x0 binaries/getitem.o
 .data          0x000000000011ffc0        0x0 binaries/getmem.o
 .data          0x000000000011ffc0        0x0 binaries/getpid.o
 .data          0x000000000011ffc0        0x0 binaries/getprio.o
 .data          0x000000000011ffc0        0x0 binaries/getstk.o
 .data          0x000000000011ffc0        0x0 binaries/getticks.o
 .data          0x000000000011ffc0        0x0 binaries/gettime.o
 .data          0x000000000011ffc0        0x0 binaries/getutime.o
 .data          0x000000000011ffc0        0x0 binaries/init.o
 .data          0x000000000011ffc0        0x0 binaries/initialize.o
 .data          0x000000000011ffc0        0x0 binaries/insert.o
 .data          0x000000000011ffc0        0x0 binaries/insertd.o
 .data          0x000000000011ffc0        0x0 binaries/ioerr.o
 .data          0x000000000011ffc0        0x0 binaries/ionull.o
 .data          0x000000000011ffc0        0x0 binaries/kill.o
 .data          0x000000000011ffc0        0x0 binaries/kprintf.o
 .data          0x000000000011ffc0        0x0 binaries/main.o
 .data          0x000000000011ffc0        0x0 binaries/mark.o
 .data          0x000000000011ffc0       0x40 binaries/meminit.o
                0x000000000011ffc0                bootsign
                0x000000000011ffc4                bootinfo
                0x000000000011ffe0                gdt_copy
 .data          0x0000000000120000        0x0 binaries/mkbufpool.o
 .data          0x0000000000120000        0x2 binaries/newqueue.o
 .data          0x0000000000120002        0x0 binaries/open.o
 .data          0x0000000000120002        0x0 binaries/panic.o
 .data          0x0000000000120002        0x0 binaries/pci.o
 .data          0x0000000000120002        0x0 binaries/platinit.o
 .data          0x0000000000120002        0x0 binaries/ptclear.o
 .data          0x0000000000120002        0x0 binaries/ptcount.o
 .data          0x0000000000120002        0x0 binaries/ptcreate.o
 .data          0x0000000000120002        0x0 binaries/ptdelete.o
 .data          0x0000000000120002        0x0 binaries/ptinit.o
 .data          0x0000000000120002        0x0 binaries/ptrecv.o
 .data          0x0000000000120002        0x0 binaries/ptreset.o
 .data          0x0000000000120002        0x0 binaries/ptsend.o
 .data          0x0000000000120002        0x0 binaries/putc.o
 .data          0x0000000000120002        0x0 binaries/quark_irq.o
 .data          0x0000000000120002        0x0 binaries/quark_pdat.o
 .data          0x0000000000120002        0x0 binaries/queue.o
 .data          0x0000000000120002        0x0 binaries/read.o
 .data          0x0000000000120002        0x0 binaries/ready.o
 .data          0x0000000000120002        0x0 binaries/receive.o
 .data          0x0000000000120002        0x0 binaries/recvclr.o
 .data          0x0000000000120002        0x0 binaries/recvtime.o
 .data          0x0000000000120002        0x0 binaries/resched.o
 .data          0x0000000000120002        0x0 binaries/resume.o
 .data          0x0000000000120002        0x0 binaries/seek.o
 .data          0x0000000000120002        0x0 binaries/semcount.o
 .data          0x0000000000120002        0x0 binaries/semcreate.o
 .data          0x0000000000120002        0x0 binaries/semdelete.o
 .data          0x0000000000120002        0x0 binaries/semreset.o
 .data          0x0000000000120002        0x0 binaries/send.o
 .data          0x0000000000120002        0x0 binaries/signal.o
 .data          0x0000000000120002        0x0 binaries/signaln.o
 .data          0x0000000000120002        0x0 binaries/sleep.o
 .data          0x0000000000120002        0x0 binaries/stacktrace.o
 .data          0x0000000000120002        0x0 binaries/suspend.o
 .data          0x0000000000120002        0x0 binaries/unsleep.o
 .data          0x0000000000120002        0x0 binaries/userret.o
 .data          0x0000000000120002        0x0 binaries/wait.o
 .data          0x0000000000120002        0x0 binaries/wakeup.o
 .data          0x0000000000120002        0x0 binaries/write.o
 .data          0x0000000000120002        0x0 binaries/xdone.o
 .data          0x0000000000120002        0x0 binaries/yield.o
 .data          0x0000000000120002        0x0 binaries/abs.o
 .data          0x0000000000120002        0x0 binaries/atoi.o
 .data          0x0000000000120002        0x0 binaries/atol.o
 .data          0x0000000000120002        0x0 binaries/bzero.o
 .data          0x0000000000120002        0x0 binaries/ctype_.o
 .data          0x0000000000120002        0x0 binaries/doprnt.o
 *fill*         0x0000000000120002       0x1e 
 .data          0x0000000000120020       0x80 binaries/doscan.o
                0x0000000000120020                _sctab
 .data          0x00000000001200a0        0x0 binaries/fdoprnt.o
 .data          0x00000000001200a0        0x0 binaries/fgetc.o
 .data          0x00000000001200a0        0x0 binaries/fgets.o
 .data          0x00000000001200a0        0x0 binaries/fprintf.o
 .data          0x00000000001200a0        0x0 binaries/fputc.o
 .data          0x00000000001200a0        0x0 binaries/fputs.o
 .data          0x00000000001200a0        0x0 binaries/fscanf.o
 .data          0x00000000001200a0        0x0 binaries/getchar.o
 .data          0x00000000001200a0        0x0 binaries/labs.o
 .data          0x00000000001200a0        0x0 binaries/memchr.o
 .data          0x00000000001200a0        0x0 binaries/memcmp.o
 .data          0x00000000001200a0        0x0 binaries/memcpy.o
 .data          0x00000000001200a0        0x0 binaries/memset.o
 .data          0x00000000001200a0        0x0 binaries/printf.o
 .data          0x00000000001200a0        0x0 binaries/putchar.o
 .data          0x00000000001200a0        0x0 binaries/qsort.o
 .data          0x00000000001200a0        0x4 binaries/rand.o
 .data          0x00000000001200a4        0x0 binaries/sprintf.o
 .data          0x00000000001200a4        0x0 binaries/sscanf.o
 .data          0x00000000001200a4        0x0 binaries/strchr.o
 .data          0x00000000001200a4        0x0 binaries/strcmp.o
 .data          0x00000000001200a4        0x0 binaries/strcpy.o
 .data          0x00000000001200a4        0x0 binaries/strlen.o
 .data          0x00000000001200a4        0x0 binaries/strncat.o
 .data          0x00000000001200a4        0x0 binaries/strncmp.o
 .data          0x00000000001200a4        0x0 binaries/strncpy.o
 .data          0x00000000001200a4        0x0 binaries/strnlen.o
 .data          0x00000000001200a4        0x0 binaries/strrchr.o
 .data          0x00000000001200a4        0x0 binaries/strstr.o
 .data          0x00000000001200a4        0x0 binaries/ttycontrol.o
 .data          0x00000000001200a4        0x0 binaries/ttygetc.o
 .data          0x00000000001200a4        0x0 binaries/ttyhandle_in.o
 .data          0x00000000001200a4        0x0 binaries/ttyhandle_out.o
 .data          0x00000000001200a4        0x0 binaries/ttyhandler.o
 .data          0x00000000001200a4        0x0 binaries/ttyinit.o
 .data          0x00000000001200a4        0x0 binaries/ttykickout.o
 .data          0x00000000001200a4        0x0 binaries/ttyputc.o
 .data          0x00000000001200a4        0x0 binaries/ttyread.o
 .data          0x00000000001200a4        0x0 binaries/ttywrite.o
 .data          0x00000000001200a4        0x0 binaries/mount.o
 .data          0x00000000001200a4        0x0 binaries/naminit.o
 .data          0x00000000001200a4        0x0 binaries/nammap.o
 .data          0x00000000001200a4        0x0 binaries/namopen.o
 .data          0x00000000001200a4        0x0 binaries/ethcontrol.o
 .data          0x00000000001200a4        0x0 binaries/ethhandler.o
 .data          0x00000000001200a4        0x0 binaries/ethinit.o
 .data          0x00000000001200a4        0x0 binaries/ethmcast.o
 .data          0x00000000001200a4        0x0 binaries/ethread.o
 .data          0x00000000001200a4        0x0 binaries/ethwrite.o
 .data          0x00000000001200a4        0x0 binaries/rdsbufalloc.o
 .data          0x00000000001200a4        0x0 binaries/rdsclose.o
 .data          0x00000000001200a4        0x0 binaries/rdscomm.o
 .data          0x00000000001200a4        0x0 binaries/rdscontrol.o
 .data          0x00000000001200a4        0x0 binaries/rdsinit.o
 .data          0x00000000001200a4        0x0 binaries/rdsopen.o
 .data          0x00000000001200a4        0x0 binaries/rdsprocess.o
 .data          0x00000000001200a4        0x0 binaries/rdsread.o
 .data          0x00000000001200a4        0x0 binaries/rdswrite.o
 .data          0x00000000001200a4        0x0 binaries/ramclose.o
 .data          0x00000000001200a4        0x0 binaries/raminit.o
 .data          0x00000000001200a4        0x0 binaries/ramopen.o
 .data          0x00000000001200a4        0x0 binaries/ramread.o
 .data          0x00000000001200a4        0x0 binaries/ramwrite.o
 .data          0x00000000001200a4        0x0 binaries/lfdballoc.o
 .data          0x00000000001200a4        0x0 binaries/lfdbfree.o
 .data          0x00000000001200a4        0x0 binaries/lfflush.o
 .data          0x00000000001200a4        0x0 binaries/lfgetmode.o
 .data          0x00000000001200a4        0x0 binaries/lfiballoc.o
 .data          0x00000000001200a4        0x0 binaries/lfibclear.o
 .data          0x00000000001200a4        0x0 binaries/lfibget.o
 .data          0x00000000001200a4        0x0 binaries/lfibput.o
 .data          0x00000000001200a4        0x0 binaries/lflclose.o
 .data          0x00000000001200a4        0x0 binaries/lflcontrol.o
 .data          0x00000000001200a4        0x0 binaries/lflgetc.o
 .data          0x00000000001200a4        0x0 binaries/lflinit.o
 .data          0x00000000001200a4        0x0 binaries/lflputc.o
 .data          0x00000000001200a4        0x0 binaries/lflread.o
 .data          0x00000000001200a4        0x0 binaries/lflseek.o
 .data          0x00000000001200a4        0x0 binaries/lflwrite.o
 .data          0x00000000001200a4        0x0 binaries/lfscheck.o
 .data          0x00000000001200a4        0x0 binaries/lfsckfmt.o
 .data          0x00000000001200a4        0x0 binaries/lfscreate.o
 .data          0x00000000001200a4        0x0 binaries/lfsetup.o
 .data          0x00000000001200a4        0x0 binaries/lfsinit.o
 .data          0x00000000001200a4        0x0 binaries/lfsopen.o
 .data          0x00000000001200a4        0x0 binaries/lftruncate.o
 .data          0x00000000001200a4        0x0 binaries/rflclose.o
 .data          0x00000000001200a4        0x0 binaries/rflgetc.o
 .data          0x00000000001200a4        0x0 binaries/rflinit.o
 .data          0x00000000001200a4        0x0 binaries/rflputc.o
 .data          0x00000000001200a4        0x0 binaries/rflread.o
 .data          0x00000000001200a4        0x0 binaries/rflseek.o
 .data          0x00000000001200a4        0x0 binaries/rflwrite.o
 .data          0x00000000001200a4        0x0 binaries/rfscomm.o
 .data          0x00000000001200a4        0x0 binaries/rfscontrol.o
 .data          0x00000000001200a4        0x0 binaries/rfsgetmode.o
 .data          0x00000000001200a4        0x0 binaries/rfsinit.o
 .data          0x00000000001200a4        0x0 binaries/rfsndmsg.o
 .data          0x00000000001200a4        0x0 binaries/rfsopen.o
 .data          0x00000000001200a4        0x0 binaries/arp.o
 .data          0x00000000001200a4        0x0 binaries/dhcp.o
 .data          0x00000000001200a4        0x0 binaries/dns.o
 .data          0x00000000001200a4        0x0 binaries/dot2ip.o
 .data          0x00000000001200a4        0x0 binaries/hexdump.o
 .data          0x00000000001200a4        0x4 binaries/icmp.o
 .data          0x00000000001200a8        0x0 binaries/ip.o
 .data          0x00000000001200a8        0x0 binaries/net.o
 .data          0x00000000001200a8        0x0 binaries/pdump.o
 .data          0x00000000001200a8        0x0 binaries/tftp.o
 .data          0x00000000001200a8        0x4 binaries/udp.o
 .data          0x00000000001200ac        0x0 binaries/addargs.o
 .data          0x00000000001200ac        0x0 binaries/lexan.o
 .data          0x00000000001200ac        0x4 binaries/shell.o
                0x00000000001200ac                ncmd
 *fill*         0x00000000001200b0       0x10 
 .data.rel.ro   0x00000000001200c0       0xfc binaries/shell.o
                0x00000000001200c0                cmdtab
 .data          0x00000000001201bc        0x0 binaries/xsh_argecho.o
 .data          0x00000000001201bc        0x0 binaries/xsh_arp.o
 .data          0x00000000001201bc        0x0 binaries/xsh_cat.o
 .data          0x00000000001201bc        0x0 binaries/xsh_clear.o
 .data          0x00000000001201bc        0x0 binaries/xsh_date.o
 .data          0x00000000001201bc        0x0 binaries/xsh_devdump.o
 .data          0x00000000001201bc        0x0 binaries/xsh_echo.o
 .data          0x00000000001201bc        0x0 binaries/xsh_exit.o
 .data          0x00000000001201bc        0x0 binaries/xsh_help.o
 .data          0x00000000001201bc        0x0 binaries/xsh_kill.o
 .data          0x00000000001201bc        0x0 binaries/xsh_ls.o
 .data          0x00000000001201bc        0x0 binaries/xsh_memdump.o
 .data          0x00000000001201bc        0x0 binaries/xsh_memstat.o
 .data          0x00000000001201bc        0x0 binaries/xsh_netinfo.o
 .data          0x00000000001201bc        0x0 binaries/xsh_ping.o
 *fill*         0x00000000001201bc        0x4 
 .data          0x00000000001201c0       0x20 binaries/xsh_ps.o
 .data          0x00000000001201e0        0x0 binaries/xsh_sleep.o
 .data          0x00000000001201e0        0x0 binaries/xsh_udpdump.o
 .data          0x00000000001201e0        0x0 binaries/xsh_udpecho.o
 .data          0x00000000001201e0        0x0 binaries/xsh_udpserver.o
 .data          0x00000000001201e0        0x0 binaries/xsh_uptime.o
 .data          0x00000000001201e0        0x0 binaries/clkdisp.o
 .data          0x00000000001201e0        0x0 binaries/ctxsw.o
 .data          0x00000000001201e0        0x0 binaries/intr.o
                0x00000000001201e0                _saveint
 .data          0x00000000001201e0        0x0 binaries/ttydispatch.o
 .data          0x00000000001201e0        0x0 binaries/ethdispatch.o
                0x00000000001201e0                edata = ABSOLUTE (.)
                0x0000000000121000                . = ALIGN (0x1000)
 *fill*         0x00000000001201e0      0xe20 

.got            0x0000000000121000        0x0
 .got           0x0000000000121000        0x0 binaries/start.o

.got.plt        0x0000000000121000        0xc
 .got.plt       0x0000000000121000        0xc binaries/start.o
                0x0000000000121000                _GLOBAL_OFFSET_TABLE_

.igot.plt       0x000000000012100c        0x0
 .igot.plt      0x000000000012100c        0x0 binaries/start.o

.bss            0x0000000000121020    0x1ffe0
                0x0000000000121020                bss = ABSOLUTE (.)
 *(.bss .bss.*)
 .bss           0x0000000000121020        0x0 binaries/start.o
 .bss           0x0000000000121020        0x0 binaries/ascdate.o
 .bss           0x0000000000121020        0x0 binaries/bufinit.o
 .bss           0x0000000000121020        0x0 binaries/chprio.o
 .bss           0x0000000000121020        0x0 binaries/clkhandler.o
 .bss           0x0000000000121020        0x0 binaries/clkinit.o
 .bss           0x0000000000121020        0x0 binaries/close.o
 .bss           0x0000000000121020        0x0 binaries/conf.o
 .bss           0x0000000000121020        0x0 binaries/control.o
 .bss           0x0000000000121020        0x0 binaries/create.o
 .bss           0x0000000000121020        0x4 binaries/early_imr.o
 .bss           0x0000000000121024        0x0 binaries/evec.o
 .bss           0x0000000000121024        0x0 binaries/exit.o
 .bss           0x0000000000121024        0x0 binaries/freebuf.o
 .bss           0x0000000000121024        0x0 binaries/freemem.o
 .bss           0x0000000000121024        0x0 binaries/getbuf.o
 .bss           0x0000000000121024        0x0 binaries/getc.o
 .bss           0x0000000000121024        0x0 binaries/getdev.o
 .bss           0x0000000000121024        0x0 binaries/getitem.o
 .bss           0x0000000000121024        0x0 binaries/getmem.o
 .bss           0x0000000000121024        0x0 binaries/getpid.o
 .bss           0x0000000000121024        0x0 binaries/getprio.o
 .bss           0x0000000000121024        0x0 binaries/getstk.o
 .bss           0x0000000000121024        0x0 binaries/getticks.o
 .bss           0x0000000000121024        0x0 binaries/gettime.o
 .bss           0x0000000000121024        0x0 binaries/getutime.o
 .bss           0x0000000000121024        0x0 binaries/init.o
 .bss           0x0000000000121024        0x0 binaries/initialize.o
 .bss           0x0000000000121024        0x0 binaries/insert.o
 .bss           0x0000000000121024        0x0 binaries/insertd.o
 .bss           0x0000000000121024        0x0 binaries/ioerr.o
 .bss           0x0000000000121024        0x0 binaries/ionull.o
 .bss           0x0000000000121024        0x0 binaries/kill.o
 .bss           0x0000000000121024        0x0 binaries/kprintf.o
 .bss           0x0000000000121024        0x0 binaries/main.o
 .bss           0x0000000000121024        0x0 binaries/mark.o
 .bss           0x0000000000121024        0x0 binaries/meminit.o
 .bss           0x0000000000121024        0x0 binaries/mkbufpool.o
 .bss           0x0000000000121024        0x0 binaries/newqueue.o
 .bss           0x0000000000121024        0x0 binaries/open.o
 .bss           0x0000000000121024        0x0 binaries/panic.o
 .bss           0x0000000000121024        0x0 binaries/pci.o
 .bss           0x0000000000121024        0x0 binaries/platinit.o
 .bss           0x0000000000121024        0x0 binaries/ptclear.o
 .bss           0x0000000000121024        0x0 binaries/ptcount.o
 .bss           0x0000000000121024        0x0 binaries/ptcreate.o
 .bss           0x0000000000121024        0x0 binaries/ptdelete.o